// Jest Snapshot v1, https://jestjs.io/docs/snapshot-testing

exports[`YouTube Shortcode matches the snapshot 1`] = `
<div
  className="css-zezy6m"
>
  <iframe
    allow="accelerometer; autoplay; clipboard-write; encrypted-media; gyroscope; picture-in-picture; web-share;"
    allowFullScreen={true}
    className="VideoFrame"
    height="315"
    referrerpolicy="strict-origin-when-cross-origin"
    src="https://www.youtube-nocookie.com/embed/XJashBvI17A"
    title="Here, There And Everywhere (Piano Cover) by Theme User"
    width="560"
  />
</div>
`;
