// Jest Snapshot v1, https://goo.gl/fbAQLP

exports[`MediaItemGrid matches loading state snapshot 1`] = `
<div
  className="media-item_grid null css-4004kc"
>
  <a
    className="media-item_media css-c3vfik"
    href="https://www.google.com/"
    onMouseEnter={[Function]}
    onMouseLeave={[Function]}
    title="Item #1"
  >
    <img
      alt="cover artwork"
      className="css-karewm"
      crossOrigin="anonymous"
      loading="lazy"
      src="http://placekitten.com/200/200"
    />
  </a>
</div>
`;

exports[`MediaItemGrid matches the ready state snapshot state 1`] = `
<div
  className="media-item_grid null css-4004kc"
>
  <div
    className="show-loading-animation"
  >
    <div
      className="rect-shape css-n8oxh0"
      style={
        {
          "backgroundColor": "#efefef",
          "height": "100%",
          "marginRight": 10,
          "width": "100%",
        }
      }
    />
  </div>
  <div
    className="show-loading-animation"
  >
    <div
      className="rect-shape css-n8oxh0"
      style={
        {
          "backgroundColor": "#efefef",
          "height": "100%",
          "marginRight": 10,
          "width": "100%",
        }
      }
    />
  </div>
  <div
    className="show-loading-animation"
  >
    <div
      className="rect-shape css-n8oxh0"
      style={
        {
          "backgroundColor": "#efefef",
          "height": "100%",
          "marginRight": 10,
          "width": "100%",
        }
      }
    />
  </div>
  <div
    className="show-loading-animation"
  >
    <div
      className="rect-shape css-n8oxh0"
      style={
        {
          "backgroundColor": "#efefef",
          "height": "100%",
          "marginRight": 10,
          "width": "100%",
        }
      }
    />
  </div>
  <div
    className="show-loading-animation"
  >
    <div
      className="rect-shape css-n8oxh0"
      style={
        {
          "backgroundColor": "#efefef",
          "height": "100%",
          "marginRight": 10,
          "width": "100%",
        }
      }
    />
  </div>
  <div
    className="show-loading-animation"
  >
    <div
      className="rect-shape css-n8oxh0"
      style={
        {
          "backgroundColor": "#efefef",
          "height": "100%",
          "marginRight": 10,
          "width": "100%",
        }
      }
    />
  </div>
  <div
    className="show-loading-animation"
  >
    <div
      className="rect-shape css-n8oxh0"
      style={
        {
          "backgroundColor": "#efefef",
          "height": "100%",
          "marginRight": 10,
          "width": "100%",
        }
      }
    />
  </div>
  <div
    className="show-loading-animation"
  >
    <div
      className="rect-shape css-n8oxh0"
      style={
        {
          "backgroundColor": "#efefef",
          "height": "100%",
          "marginRight": 10,
          "width": "100%",
        }
      }
    />
  </div>
  <div
    className="show-loading-animation"
  >
    <div
      className="rect-shape css-n8oxh0"
      style={
        {
          "backgroundColor": "#efefef",
          "height": "100%",
          "marginRight": 10,
          "width": "100%",
        }
      }
    />
  </div>
  <div
    className="show-loading-animation"
  >
    <div
      className="rect-shape css-n8oxh0"
      style={
        {
          "backgroundColor": "#efefef",
          "height": "100%",
          "marginRight": 10,
          "width": "100%",
        }
      }
    />
  </div>
  <div
    className="show-loading-animation"
  >
    <div
      className="rect-shape css-n8oxh0"
      style={
        {
          "backgroundColor": "#efefef",
          "height": "100%",
          "marginRight": 10,
          "width": "100%",
        }
      }
    />
  </div>
  <div
    className="show-loading-animation"
  >
    <div
      className="rect-shape css-n8oxh0"
      style={
        {
          "backgroundColor": "#efefef",
          "height": "100%",
          "marginRight": 10,
          "width": "100%",
        }
      }
    />
  </div>
</div>
`;
