// Jest Snapshot v1, https://jestjs.io/docs/snapshot-testing

exports[`MediaItemGrid matches loading state snapshot 1`] = `
<div
  className="media-item_grid null css-4004kc"
>
  <a
    className="media-item_media css-1bdhn1b"
    href="https://www.google.com/"
    onClick={[Function]}
    onMouseEnter={[Function]}
    onMouseLeave={[Function]}
    title="Item #1"
  >
    <div
      className="css-x4b07x"
    >
      <div
        className="media-item_caption css-764hy0"
      >
        <span>
          Test Item 1
        </span>
      </div>
      <img
        alt="cover artwork"
        className="css-karewm"
        crossOrigin="anonymous"
        loading="lazy"
        src="http://placekitten.com/200/200"
      />
    </div>
  </a>
  <a
    className="media-item_media css-1bdhn1b"
    href="https://www.example.com/"
    onClick={[Function]}
    onMouseEnter={[Function]}
    onMouseLeave={[Function]}
    title="Item #2"
  >
    <div
      className="css-x4b07x"
    >
      <div
        className="media-item_caption css-764hy0"
      >
        <span>
          Test Item 2
        </span>
      </div>
      <img
        alt="cover artwork"
        className="css-karewm"
        crossOrigin="anonymous"
        loading="lazy"
        src="http://placekitten.com/300/300"
      />
    </div>
  </a>
</div>
`;

exports[`MediaItemGrid matches the ready state snapshot state 1`] = `
<div
  className="media-item_grid null css-4004kc"
>
  <div
    className="show-loading-animation"
  >
    <div
      className="rect-shape css-n8oxh0"
      style={
        {
          "backgroundColor": "#efefef",
          "height": "100%",
          "marginRight": 10,
          "width": "100%",
        }
      }
    />
  </div>
  <div
    className="show-loading-animation"
  >
    <div
      className="rect-shape css-n8oxh0"
      style={
        {
          "backgroundColor": "#efefef",
          "height": "100%",
          "marginRight": 10,
          "width": "100%",
        }
      }
    />
  </div>
  <div
    className="show-loading-animation"
  >
    <div
      className="rect-shape css-n8oxh0"
      style={
        {
          "backgroundColor": "#efefef",
          "height": "100%",
          "marginRight": 10,
          "width": "100%",
        }
      }
    />
  </div>
  <div
    className="show-loading-animation"
  >
    <div
      className="rect-shape css-n8oxh0"
      style={
        {
          "backgroundColor": "#efefef",
          "height": "100%",
          "marginRight": 10,
          "width": "100%",
        }
      }
    />
  </div>
  <div
    className="show-loading-animation"
  >
    <div
      className="rect-shape css-n8oxh0"
      style={
        {
          "backgroundColor": "#efefef",
          "height": "100%",
          "marginRight": 10,
          "width": "100%",
        }
      }
    />
  </div>
  <div
    className="show-loading-animation"
  >
    <div
      className="rect-shape css-n8oxh0"
      style={
        {
          "backgroundColor": "#efefef",
          "height": "100%",
          "marginRight": 10,
          "width": "100%",
        }
      }
    />
  </div>
  <div
    className="show-loading-animation"
  >
    <div
      className="rect-shape css-n8oxh0"
      style={
        {
          "backgroundColor": "#efefef",
          "height": "100%",
          "marginRight": 10,
          "width": "100%",
        }
      }
    />
  </div>
  <div
    className="show-loading-animation"
  >
    <div
      className="rect-shape css-n8oxh0"
      style={
        {
          "backgroundColor": "#efefef",
          "height": "100%",
          "marginRight": 10,
          "width": "100%",
        }
      }
    />
  </div>
  <div
    className="show-loading-animation"
  >
    <div
      className="rect-shape css-n8oxh0"
      style={
        {
          "backgroundColor": "#efefef",
          "height": "100%",
          "marginRight": 10,
          "width": "100%",
        }
      }
    />
  </div>
  <div
    className="show-loading-animation"
  >
    <div
      className="rect-shape css-n8oxh0"
      style={
        {
          "backgroundColor": "#efefef",
          "height": "100%",
          "marginRight": 10,
          "width": "100%",
        }
      }
    />
  </div>
  <div
    className="show-loading-animation"
  >
    <div
      className="rect-shape css-n8oxh0"
      style={
        {
          "backgroundColor": "#efefef",
          "height": "100%",
          "marginRight": 10,
          "width": "100%",
        }
      }
    />
  </div>
  <div
    className="show-loading-animation"
  >
    <div
      className="rect-shape css-n8oxh0"
      style={
        {
          "backgroundColor": "#efefef",
          "height": "100%",
          "marginRight": 10,
          "width": "100%",
        }
      }
    />
  </div>
</div>
`;
