// Jest Snapshot v1, https://jestjs.io/docs/snapshot-testing

exports[`Playlists Component matches snapshot with various playlist scenarios 1`] = `
<DocumentFragment>
  <div>
    <div
      class="css-ccroti"
    >
      <h3
        class="css-9nh3l5"
      >
        Playlists
      </h3>
    </div>
    <p
      class="css-1qwovgy"
    >
      My 12 favorite playlists.
    </p>
    <div
      data-testid="media-item-grid"
    />
  </div>
</DocumentFragment>
`;
