// Jest Snapshot v1, https://jestjs.io/docs/snapshot-testing

exports[`TopTracks Component handles tracks without a 300px image gracefully 1`] = `
<div
  className="css-sak8bt"
>
  <div
    className="css-ccroti"
  >
    <h3
      className="css-9nh3l5"
    >
      Top Tracks
    </h3>
  </div>
  <p
    className="css-1qwovgy"
  >
    My 12 most-played tracks over the last 4 weeks.
  </p>
  <div
    data-testid="media-item-grid"
  />
</div>
`;

exports[`TopTracks Component renders correctly when loading 1`] = `
<div
  className="css-sak8bt"
>
  <div
    className="css-ccroti"
  >
    <h3
      className="css-9nh3l5"
    >
      Top Tracks
    </h3>
  </div>
  <p
    className="css-1qwovgy"
  >
    My 12 most-played tracks over the last 4 weeks.
  </p>
  <div
    data-testid="media-item-grid"
  />
</div>
`;

exports[`TopTracks Component renders correctly with no tracks 1`] = `
<div
  className="css-sak8bt"
>
  <div
    className="css-ccroti"
  >
    <h3
      className="css-9nh3l5"
    >
      Top Tracks
    </h3>
  </div>
  <p
    className="css-1qwovgy"
  >
    My 12 most-played tracks over the last 4 weeks.
  </p>
  <div
    data-testid="media-item-grid"
  />
</div>
`;

exports[`TopTracks Component renders correctly with tracks 1`] = `
<div
  className="css-sak8bt"
>
  <div
    className="css-ccroti"
  >
    <h3
      className="css-9nh3l5"
    >
      Top Tracks
    </h3>
  </div>
  <p
    className="css-1qwovgy"
  >
    My 12 most-played tracks over the last 4 weeks.
  </p>
  <div
    data-testid="media-item-grid"
  />
</div>
`;
