// Jest Snapshot v1, https://jestjs.io/docs/snapshot-testing

exports[`TrackPreview matches the snapshot 1`] = `
<a
  className="css-zezy6m"
  href="https://www.fake-book-website.com/book-example"
  title="Fake Song"
>
  <img
    alt="album cover"
    className="css-o32fug"
    crossOrigin="anonymous"
    loading="lazy"
    src="https://placehold.it/400/400"
  />
</a>
`;
