// Jest Snapshot v1, https://goo.gl/fbAQLP

exports[`TrackPreview renders correctly 1`] = `
<a
  className="css-1s6nee6-TrackPreview"
  href="https://www.fake-book-website.com/book-example"
  title="Fake Song"
>
  <img
    alt="album cover"
    className="css-voxaeh-TrackPreview"
    crossOrigin="anonymous"
    src="https://placehold.it/400/400"
  />
</a>
`;
