// Jest Snapshot v1, https://goo.gl/fbAQLP

exports[`Widgets/GitHub/PinnedItemPlaceholder matches the snapshot 1`] = `
<div>
  <Styled(div)>
    <div>
      <RectShape
        color="#efefef"
        style={
          Object {
            "height": 40,
            "marginBottom": "2em",
            "width": 40,
          }
        }
      />
    </div>
    <EmotionCssPropInternal
      __EMOTION_TYPE_PLEASE_DO_NOT_USE__="div"
      css={[Function]}
    >
      <TextBlock
        color="#efefef"
        rows={2}
      />
    </EmotionCssPropInternal>
  </Styled(div)>
  <TextBlock
    color="#efefef"
    rows={3}
  />
</div>
`;
