// Jest Snapshot v1, https://goo.gl/fbAQLP

exports[`InstagramWidget matches the snapshot 1`] = `
<DocumentFragment>
  <section
    class="css-1pk2a5b"
    id="instagram"
  >
    <header
      class="css-gzw2dr"
    >
      <h2
        class="css-1rxoh5f"
      >
        Instagram
      </h2>
      <div
        class="css-1rgtmy6"
      >
        <a
          class="css-1u2ig8x"
          href="https://www.instagram.com/undefined"
          title="undefined on Instagram"
        >
          Visit Profile
          <span
            class="read-more-icon"
          >
            →
          </span>
        </a>
      </div>
    </header>
    <div
      class="css-1hw7zrq"
    >
      <div
        class="css-1giak3r"
      >
        100 Followers
      </div>
      <div
        class="css-zcaudb"
      >
        50 Following
      </div>
    </div>
    <div
      class="gallery"
    >
      <div
        class="css-1uzgqa3"
      >
        <button
          class="instagram-item-button css-eom9to"
          rel="noopener noreferrer"
        >
          <img
            alt="Instagram post thumbnail"
            class="instagram-item-image css-16gz8ax"
            crossorigin="anonymous"
            height="280"
            loading="lazy"
            src="https://cdn.chrisvogt.me/images/fake-instagram-image.jpg?h=280&w=280&fit=crop&crop=faces,focalpoint&auto=format"
            width="280"
          />
        </button>
      </div>
    </div>
    <div
      class="css-79s48e"
    >
      <button
        class="css-k0p9mh"
      >
        Show More
      </button>
    </div>
    <div
      data-testid="lightgallery-mock"
    />
  </section>
</DocumentFragment>
`;
