// Jest Snapshot v1, https://goo.gl/fbAQLP

exports[`InstagramWidgetItem matches the snapshot 1`] = `
<a
  className="css-19bqgup-InstagramWidgetItem"
  rel="noopener noreferrer"
  style={
    Object {
      "lineHeight": 0,
    }
  }
  title="Access media on Instagram"
>
  <img
    alt="Instagram post thumbnail"
    className="instagram-item-image css-nowwr3-InstagramWidgetItem"
    crossOrigin="anonymous"
    height="400"
    src="undefined?h=400&fm=webp&auto=format"
  />
</a>
`;
