// Jest Snapshot v1, https://goo.gl/fbAQLP

exports[`WidgetHeader matches the snapshot 1`] = `
<header
  className="css-1gotcft-WidgetHeader"
>
  <h2
    className="css-1wf7gym"
  >
    Neat & Interesting Widget
  </h2>
  <div
    className="css-idc44k-WidgetHeader"
  >
    <div
      className="sidebar-content"
    >
      Sidebar
    </div>
  </div>
</header>
`;
