// Jest Snapshot v1, https://goo.gl/fbAQLP

exports[`WidgetHeader matches the snapshot 1`] = `
<header
  className="css-rcq65b"
>
  <h2
    className="css-gifmxh"
  >
    Neat & Interesting Widget
  </h2>
  <div
    className="css-pizwmh"
  >
    <div
      className="sidebar-content"
    >
      Sidebar
    </div>
  </div>
</header>
`;
