// Jest Snapshot v1, https://goo.gl/fbAQLP

exports[`HomeWidgets matches the snapshot 1`] = `
Array [
  <div
    className="MOCK__RecentPostsWidget"
  />,
  <div
    className="MOCK__GitHubWidget"
  />,
  <div
    className="MOCK__GoodreadsWidget"
  />,
  <div
    className="MOCK__SpotifyWidget"
  />,
]
`;
