// Jest Snapshot v1, https://goo.gl/fbAQLP

exports[`Layout matches the snapshot 1`] = `
<div
  className="css-1m13iln"
>
  <div
    style={
      {
        "bottom": 0,
        "left": 0,
        "position": "absolute",
        "right": 0,
        "top": 0,
      }
    }
  >
    <canvas
      style={
        {
          "display": "block",
          "height": "100%",
          "left": 0,
          "position": "absolute",
          "top": 0,
          "width": "100%",
        }
      }
    />
    <div
      style={
        {
          "WebkitBackdropFilter": "blur(100px)",
          "backdropFilter": "blur(100px)",
          "backgroundColor": "rgba(75, 0, 130, 0.02)",
          "height": "100%",
          "left": 0,
          "pointerEvents": "none",
          "position": "absolute",
          "top": 0,
          "width": "100%",
        }
      }
    />
  </div>
  <header
    className="css-l5xv05"
    role="banner"
  >
    <div
      className="MOCK__TopNavigation"
    />
  </header>
  <main
    role="main"
  >
    <div
      className="fake-website"
    >
      <h1>
        Fake Website
      </h1>
      <p>
        Lorum ipsum dolor sit amet.
      </p>
    </div>
  </main>
  <div
    className="MOCK__Footer"
  />
</div>
`;
