// Jest Snapshot v1, https://jestjs.io/docs/snapshot-testing

exports[`TopNavigation matches the snapshot 1`] = `
<div
  className="css-1pf826z"
>
  <div
    className="css-17dzpzi"
  >
    <div
      className="css-7xu00p"
    >
      <a
        aria-current="page"
        className="css-1ihyb2e"
        href="/"
        onClick={[Function]}
        onMouseEnter={[Function]}
        style={{}}
      >
        My Personal Blog & Portfolio
      </a>
      <div
        className="css-9cpsy"
      />
    </div>
    <div
      className="css-3uks8f"
    >
      <nav
        role="navigation"
      >
        <a
          className="css-1hen0m7"
          href="/about-me"
          onClick={[Function]}
          onMouseEnter={[Function]}
          title="About Me"
        >
          About Me
        </a>
      </nav>
    </div>
  </div>
</div>
`;
