// Jest Snapshot v1, https://goo.gl/fbAQLP

exports[`Media Post matches the snapshot 1`] = `
<div
  className="layoutMock"
>
  <div
    className="css-1v7u0sc"
  >
    <div
      className="css-1aa5heh"
    >
      <article
        className="h-entry"
      >
        <div
          className="css-3eizm7"
        >
          Mock Category
        </div>
        <h1
          className="p-name css-1sus4jf"
        />
        <time
          className="dt-published created"
        >
          Published 
          Mon, 17 Jun 2024 03:30:26 GMT
        </time>
        <div
          className="e-content article-content"
        >
          <div>
            Lorum ipsum dolor sit amet.
          </div>
        </div>
      </article>
    </div>
  </div>
</div>
`;
