// Jest Snapshot v1, https://goo.gl/fbAQLP

exports[`Blog Post matches the snapshot 1`] = `
<div
  className="layoutMock"
>
  <div
    className="css-43plg"
  >
    <div
      className="css-1qfp07i"
    >
      <article
        className="h-entry c1v0-blog-post"
      >
        <div
          className="p-category css-d5b7h2"
        >
          Mock Category
        </div>
        <h1
          className="p-name css-12fp046"
        />
        <time
          className="dt-published created"
        >
          Published 
          Mon, 17 Jun 2024 03:30:26 GMT
        </time>
        <div
          className="e-content article-content"
        >
          <div>
            Lorum ipsum dolor sit amet.
          </div>
        </div>
      </article>
    </div>
  </div>
</div>
`;
