// Jest Snapshot v1, https://goo.gl/fbAQLP

exports[`Blog Post matches the snapshot 1`] = `
<div
  className="layoutMock"
>
  <div
    className="css-1rsqhio-PostTemplate"
  >
    <article
      className="h-entry c1v0-blog-post"
    >
      <div
        className="p-category css-1cb99ej-PostTemplate"
      >
        Mock Category
      </div>
      <time
        className="dt-published created"
      >
        Mon, 17 Jun 2024 03:30:26 GMT
      </time>
      <h1
        className="p-name css-pgjt7f-PostTemplate"
      />
      <div
        className="e-content article-content"
      >
        <div>
          Lorum ipsum dolor sit amet.
        </div>
      </div>
    </article>
  </div>
</div>
`;
