// Jest Snapshot v1, https://goo.gl/fbAQLP

exports[`GitHub Placeholder Renderer matches the snapshot 1`] = `
<div
  className="show-loading-animation"
>
  <div
    className="css-vd02hx-Flex"
  >
    <div>
      <div
        className="rect-shape"
        style={
          {
            "backgroundColor": "#efefef",
            "height": 40,
            "marginBottom": "2em",
            "marginRight": 10,
            "width": 40,
          }
        }
      />
    </div>
    <div
      className="css-fjakwv"
    >
      <div
        className="text-block"
        style={
          {
            "width": "100%",
          }
        }
      >
        <div
          className="text-row"
          style={
            {
              "backgroundColor": "#efefef",
              "height": "1em",
              "marginTop": 0,
              "maxHeight": "33.333333333333336%",
              "width": "97%",
            }
          }
        />
        <div
          className="text-row"
          style={
            {
              "backgroundColor": "#efefef",
              "height": "1em",
              "marginTop": "0.7em",
              "maxHeight": "33.333333333333336%",
              "width": "100%",
            }
          }
        />
      </div>
    </div>
  </div>
  <div
    className="text-block"
    style={
      {
        "width": "100%",
      }
    }
  >
    <div
      className="text-row"
      style={
        {
          "backgroundColor": "#efefef",
          "height": "1em",
          "marginTop": 0,
          "maxHeight": "20%",
          "width": "97%",
        }
      }
    />
    <div
      className="text-row"
      style={
        {
          "backgroundColor": "#efefef",
          "height": "1em",
          "marginTop": "0.7em",
          "maxHeight": "20%",
          "width": "100%",
        }
      }
    />
    <div
      className="text-row"
      style={
        {
          "backgroundColor": "#efefef",
          "height": "1em",
          "marginTop": "0.7em",
          "maxHeight": "20%",
          "width": "94%",
        }
      }
    />
  </div>
</div>
`;
