// Jest Snapshot v1, https://goo.gl/fbAQLP

exports[`PostCard matches the snapshot 1`] = `
<a
  className="css-sod6qt"
  href="/blog/article"
  onClick={[Function]}
  onMouseEnter={[Function]}
>
  <div
    className="css-139dwiw"
  >
    <div
      className="card-content css-x4n4mc"
    >
      <div
        className="card-media"
      >
        <div
          className="css-1hpd2dn"
        />
      </div>
      <div
        className="css-1blzwpa"
      >
        Personal
      </div>
      <h3
        className="css-13imqch"
      >
        My Blog Post
      </h3>
      <time
        className="created css-1c6hy0j"
      >
        1592202624
      </time>
    </div>
  </div>
</a>
`;
