// Jest Snapshot v1, https://goo.gl/fbAQLP

exports[`PostCard matches the snapshot 1`] = `
<a
  className="css-sod6qt"
  href="/blog/article"
  onClick={[Function]}
  onMouseEnter={[Function]}
>
  <div
    className="css-g89m8z-Box"
  >
    <div
      className="card-content css-x4n4mc"
    >
      <div
        className="card-media"
      >
        <div
          className="css-10hlus8"
        />
      </div>
      <span
        className="css-1mu5vid"
      >
        personal
      </span>
      <h4
        className="css-13imqch"
      >
        My Blog Post
      </h4>
      <time
        className="created css-1c6hy0j"
      >
        1592202624
      </time>
    </div>
  </div>
</a>
`;
